      -------------------------------------------------------------------
                       STM32CubeProgrammer v2.20.0                  
      -------------------------------------------------------------------

ST-LINK SN  : 0667FF514953667287233516
ST-LINK FW  : V2J43M28
Board       : --
Voltage     : 3.24V
SWD freq    : 4000 KHz
Connect mode: Hot Plug
Reset mode  : Software reset
Device ID   : 0x483
Revision ID : Rev Z
Device name : STM32H72x/STM32H73x
Flash size  : 1 MBytes
Device type : MCU
Device CPU  : Cortex-M7
BL Version  : 0x93


Reading 32-bit memory content
  Size          : 4 Bytes
  Address:      : 0xE000ED14

0xE000ED14 : 00040200



Reading 32-bit memory content
  Size          : 4 Bytes
  Address:      : 0xE000EF90

0xE000EF90 : 0000003B



Reading 32-bit memory content
  Size          : 4 Bytes
  Address:      : 0xE000EF94

0xE000EF94 : 00000043


